/home/seleniumbddcucumbertestframework/src/test/java/hooks/AppHooks.java
/home/seleniumbddcucumbertestframework/src/test/java/runner/CampaignsRunner.java
/home/seleniumbddcucumbertestframework/src/test/java/runner/LoginRunner.java
/home/seleniumbddcucumbertestframework/src/test/java/runner/LoginWithDataRunner.java
/home/seleniumbddcucumbertestframework/src/test/java/runner/OrdersRunner.java
/home/seleniumbddcucumbertestframework/src/test/java/runner/PlaceOrderConfirmation.java
/home/seleniumbddcucumbertestframework/src/test/java/runner/ProfileRunner.java
/home/seleniumbddcucumbertestframework/src/test/java/runner/RegistrationRunner.java
/home/seleniumbddcucumbertestframework/src/test/java/runner/ScenarioOutlineRunner.java
/home/seleniumbddcucumbertestframework/src/test/java/runner/Test.java
/home/seleniumbddcucumbertestframework/src/test/java/steps/AddToCartSteps.java
/home/seleniumbddcucumbertestframework/src/test/java/steps/CampaignSteps.java
/home/seleniumbddcucumbertestframework/src/test/java/steps/LoginSteps.java
/home/seleniumbddcucumbertestframework/src/test/java/steps/LoginWithDataSteps.java
/home/seleniumbddcucumbertestframework/src/test/java/steps/OrderSteps.java
/home/seleniumbddcucumbertestframework/src/test/java/steps/PlaceOrderSteps.java
/home/seleniumbddcucumbertestframework/src/test/java/steps/ProfileSteps.java
/home/seleniumbddcucumbertestframework/src/test/java/steps/RegistrationSteps.java
/home/seleniumbddcucumbertestframework/src/test/java/steps/ScenarioOutlineSteps.java
/home/seleniumbddcucumbertestframework/src/test/java/uiappfeature/AmazonFailedTestRunner.java
/home/seleniumbddcucumbertestframework/src/test/java/uiappfeature/AmazonTestRunner.java
/home/seleniumbddcucumbertestframework/src/test/java/uiappfeature/ApplicationHooks.java
/home/seleniumbddcucumbertestframework/src/test/java/uiappfeature/HomePageSteps.java
/home/seleniumbddcucumbertestframework/src/test/java/uiappfeature/SearchSteps.java
/home/seleniumbddcucumbertestframework/src/test/java/utility/PropReader.java
